Line with exactly ten characters around the 10-character mark
Another line that's just a bit longer
Short
