fsafsd
dddddfasfasfasfjhdskjfhsfdaasf

asfdsdfsdfasdf

dddddfasfasfasfjhdskjfhsfdaasf

dfs