soup's
physiology's
mingle
dusk's
toddled
Giacometti
lacquering
felled
read
victimization
skims
endorsers
Spaniard
accredit
bounce's
company's
declassify
bandana
stargazer's
minicam's
electrocuted
waitress's
misjudges
anthologized
treatments
strapping
gooseberries
eulogized
seismically
oligarchy's
windbreaks
Marcelino
pedant
Avesta
pwns
Samaritan's
especially
alleging
blown
larkspur
menstruate
meditative
Luigi
drudgery's
vastly
engulfed
pancreases
Doctor
dishcloth's
misinformation
philology's
taxidermist's
Christchurch's
bush's
croûton's
precautions
preclusion's
interrelationships
burdock's
rerouting
Bahamas
delicatessen's
nib
disconcerted
metamorphose
Mavis's
textural
posy
meant
impediment
graffiti
filmed
lolling
scrimmage
empaneling
Colfax's
sprightlier
antiquities
authenticating
just
lung's
Brazilian's
whorehouses
Jekyll's
disuses
minded
scheduled
shipwreck
recycle's
diatom
herbage
O'Keeffe
expeditor
Ferrell
Janette
reappraisals
hypochondria's
gay's
lxiv
microphone's
enforcer
zaniness
CEO's
civies
heartlands
Yamagata's
transfigures
undergarment
humbling
hyperventilation's
carnivore's
pinnacle
infusion
swooping
Cray
exploring
nationalists
horseplay
navigability
maze
harmony
airlift's
donuts
discussions
saves
harmed
depriving
foolishness's
Jay's
infamies
cheery
attitudinizing
governance's
passionless
downfall's
tufts
q
wingtip's
godchildren
meditation's
Norris
porter
Bavarian
count
evasion
pandemonium's
Deana's
Ricky's
countrywomen
reigned
courser
fuzz's
Kathryn
freethinker's
covetously
camcorder
outgoing
cozies
Franciscan's
foreleg's
event's
radioactivity
globetrotter's
droopier
rouge's
vanishing
PBS's
Trina's
Snider's
want's
UPC
cheerful
looses
detect
climate
cortical
their
dicky
divvy's
degenerating
McCoy's
windier
tranquillity
matador's
Emmett's
ailed
panelled
ballerinas
fulcrum's
sulfide
yogin's
bluebottle
thighbone's
periscope
coring
whirlpool's
maneuverability's
Manichean
causeways
valence
wildness
dirk's
Walton's
Charlottetown
inhumanity's
totalitarian's
beefiest
apogees
substantially
disregard's
occupancy's
copulate
bobble
meningitis's
recta
nationalist's
eaters
pugnacity's
llano's
landlubber
pudgier
minim
immovably
megalomania
constipation
windswept
mirror
amalgam
cobbler's
Guelph
arms
wolfhounds
calculator's
Croatians
Danubian
segmentation
movement
presumptuousness's
sarongs
defendant
redcoat
funguses
spermicide's
multiple
gamy
enliven
schema
rodents
jibe
fusillades
untruths
oscilloscope
object's
cootie's
compiler's
Burt's
thinned
handicraft's
CPA
Leno
zit
brothels
godson's
backstories
kinswoman's
flasher
macaw's
interception
khan
probating
regaining
animus
beaded
submersion
Lilia's
yesteryear's
boys
jihadist's
crawlspace's
kite's
vulgarization
Tahitians
federal
resentments
Meredith's
ban
variants
rolls
stag
Gethsemane's
sit
cell's
prepay
innocuous
Stone
descent's
reigns
puffier
wildly
Swahili's
hafnium's
sack
copter
clarify
gleaned
clarinettist
starve
point
lewdness's
traumatizing
cyclone's
occupied
Welsh
huffily
gainsaying
farce
decimates
nobleman's
Lovelace
expeditious
seventeen's
aerialist's
pallbearers
maidenhood
monopolist's
graybeard
tipple's
darkly
compactest
Albania's
obsequious
cheerlessly
Leavenworth
adulteress
marmoset
corner
maggot
infinitesimal
levelheadedness's
Ellison
schoolmate's
framing
effeminacy
irrational's
departs
Abuja
Andropov's
expectorant's
cackling
methought
exaltation's
sanctimoniously
laggard
technocrats
terabyte's
hairiest
pervades
confidante's
Corsica
antenna's
birdbath
spoilers
Penderecki
ignoring
Dmitri's
pastiest
builtin
fentanyl
dittoed
upstage
demigod
gastrointestinal
Belgrade's
skydiving
decisions
contempt
Lothario
Sharron
Farragut's
abnegation's
scupper's
backpedalling
hankering
anthropomorphic
toothpicks
selloff's
thirtieth's
geisha's
facile
Ms
maestro's
Frisco
defecting
proceeded
café's
destiny's
units
creates
milking
lieutenancy
Lorene's
dialed
Ohioan's
billion
bathing
eschew
spirals
quitted
chaffed
pinto
haddocks
pry's
subleases
rottenness
strawed
typist
Magi
freakier
mannerisms
stratification's
townsman
tedious
theory
fluctuates
undocumented
Wallenstein
overcompensated
Markham's
conference's
familiarly
foreboded
deflating
knickknack
profligates
Clarke
garner
warder
vastness
jocular
Bella's
sealed
benedictions
Behring
quasar
Slovak
phosphate's
Colosseum
paining
colossus's
Ankara
Macao
wets
Munoz's
taproom's
imperturbability's
producer
deb's
disperses
pleased
banditry
consistency
mortise's
tab
inequality's
rapports
inquisitiveness
exits
sanatoria
Loyola
colonizer's
shepherded
pilferer's
readies
cartoons
Rios's
established
repressive
aristocratic
misread
presumably
Fukuoka
smoker's
clapper
iciness's
readjustments
Shevardnadze's
captor
enquiry
reactors
gored
assures
instalments
disco's
Fibonacci
greenery's
Osvaldo's
Dena
curate's
floatations
evacuate
zips
midwife
cockade
crusaders
Killeen
Montpelier's
dullard's
soli
muteness
outcropping's
westerly
theological
anorexia
blackest
scaly
remark's
connecting
frostiest
Wm's
woolly's
Malachi
Descartes
heartfelt
departmentalize
groaning
jurist's
emphasized
teaser's
Josephs
flagstones
industrialists
evangelism
scandalized
Zapata's
Macmillan
veneration's
lambskins
Rutgers's
carve
feminists
rashness
Aurora's
unanticipated
modal's
sterilized
theatrical
nonviolent
sum
brook's
saboteurs
cutup
formulation's
Ginny's
restaurant
holidayed
trampoline's
mapper
frond
friars
generics
amortization's
skillet
floors
savageries
tyrannosaurs
peed
pronto
backstabbing
popover
lutes
rumbas
asthmatics
ministers
gunshot
Magnitogorsk
hogsheads
playlist
scapula's
supplying
cheater
Brit
toadstool
wrest's
studding
editorials
spots
emulsions
slumped
empathizing
geishas
Morin
decisive
prohibitively
inhibitions
porticoes
reform
decelerated
bagatelles
gov
Karaganda
teamsters
Carranza
temporally
spreed
Jeff
guava
rte
snore
remark
tail
compliment
Lome's
elective's
robots
byway
bullfighter's
Kinsey
retrievers
declare
ink
dandelion's
redeems
Chou's
exhibitions
waif
Turk
sores
Mimi's
carjackings
unpopularity
Mach's
Chrysostom
cardigans
revocation's
unopened
Charlemagne's
sweatiest
courthouse's
cholera's
decommissioning
Burl
stab's
Sc's
rowel's
rapaciousness
happening's
principles
troubling
strictly
angler's
Mandingo's
Brobdingnag
Cambridge
assumed
snorkelled
retaliates
prancer
triggering
clockwise
morrow's
Bolivian's
Busch
tenement's
stalk
vortex's
refinishes
tame
defrosters
marketing
obscenely
impersonating
bleached
shepherding
halberd's
devotional
constrains
Bethe's
aperitif's
impecunious
monorail's
transfused
stabling
handouts
marooned
predicative
piquant
Republicans
buncombe
implies
onyx's
delineated
fleck's
disposing
scare
Sousa's
smokiness
taxis
urinal
pupae
Goldsmith's
Benita
correspondingly
undesirability
caboose
commotion
deforms
Hornblower's
assholes
glum
sideswiping
titan's
Norwegian
terabit's
gram
originated
barest
sequestering
aggregate's
boutonnière
mainstays
swisher
criticizing
revelled
remonstrated
resonantly
honeyed
Aldrin
Downy's
hothead's
magnificence
sunning
Lafayette's
bystander
slut's
Se's
inducement
heehaw
viburnum's
cloudy
cantered
laming
Adams
Mead
equinoctial
disengage
amateurism's
AC
glories
dibbling
Brattain
Kristen's
extroversion
patches
noncoms
overachieving
outsource
fantastically
addition
bestows
Ostwald's
popinjay's
schemers
plaited
fairy
inhalants
fatalism
intoxicant's
payday's
Muhammad's
baptized
martens
partying
coolie
customizes
stacked
vulvas
curlicue's
Jurua's
Ruiz
fairest
wends
fiddling
chromium's
dipole
ventriloquists
peat
admits
memos
heaping
confutes
encyclopedias
illumining
keel's
fen
bribe
Shaw
incorporation's
remorseless
testers
Zorn's
projectionist's
hue
nickel's
southerns
Gaea's
osteopathy
enchanter
trumpet's
crippled
corollary
parenthesis
Dixieland
aboriginal's
cupcake's
mayoralty's
merely
processors
fornicating
Weldon's
wedding
nacre's
Ingres
Mayans
Errol's
Sorbonne's
debilitation
compliant
cultured
alleges
decline
actualizing
Pavarotti's
ducklings
specter's
overreact
powerlessness's
consciousnesses
wrestles
charting
collocations
indicated
rabbinate
Roddenberry's
Lepus
characterizations
subscriber's
Vitus
rant's
Jeanine
wakefulness's
Luftwaffe's
limning
weepers
lamenting
wildfowl
narcosis's
sow
mystification's
Trappist's
loaf
tiniest
plasterer
Algonquin
spindle
arachnid's
Khwarizmi
instigators
evinces
gracefulness's
ranchers
Eurydice
cheeriness's
levelheaded
flippies
twiddled
Hester's
rebounding
avoirdupois
flimsiest
smurfs
topical
rifle
disqualified
Arthur
naughts
shoddy
nibbling
McCarthy
compiler
fruity
haemorrhaged
fuze
creationisms
misconceive
jitterbugs
cavilled
dollop's
bunt
Reunion
afterbirths
blowguns
reformulated
framework's
intersects
Bolshevik
hypoglycemia
calls
adulterating
interiors
essential's
Suetonius's
disembowels
weeper's
kale
robed
wingnut's
ironing
suppressed
indexing
phallic
insurgency
magnanimity
expatriating
nexuses
indulgence's
nuanced
sandwiching
Fortaleza's
coliseum's
pummelled
uncorking
walkouts
cute
silicious
discourtesies
kindergartener
roller's
pinion
forbiddingly
hoverboards
squabs
pulverized
hefted
ostracism's
dis's
oral
untrustworthy
referencing
Frederic
quasar's
counterfeiter
astrophysics
ebullience
spiralled
transmitter
arroyo
vegetarian
Alberta's
nip
web's
jackdaw
phials
puffiness's
hear
announcer's
Webb's
furlough's
bequest
Hades's
dust's
enough
Tet
Chartism
tippling
disestablishing
draftee's
carvers
pleasingly
unemployment's
homeland's
jerk's
thematic
drowsing
favor
misfortune's
fallibility's
graded
restart's
trends
libelled
gonk
striated
Guantanamo
staffed
persecuted
campanile's
Yugoslavians
forwarding
extortion
smartwatch's
